E:\CS\java-projects\soky-bot-workspace\sokybot\sokybot-pk2\src\main\java\org\sokybot\pk2\Pk2File.java
E:\CS\java-projects\soky-bot-workspace\sokybot\sokybot-pk2\src\main\java\org\sokybot\pk2\SimpleTestJMXFileBuilding.java
E:\CS\java-projects\soky-bot-workspace\sokybot\sokybot-pk2\src\main\java\org\sokybot\pk2\JMXFileInputStream.java
E:\CS\java-projects\soky-bot-workspace\sokybot\sokybot-pk2\src\main\java\org\sokybot\pk2\IPk2File.java
E:\CS\java-projects\soky-bot-workspace\sokybot\sokybot-pk2\src\main\java\org\sokybot\pk2\Constants.java
E:\CS\java-projects\soky-bot-workspace\sokybot\sokybot-pk2\src\main\java\org\sokybot\pk2\Pk2CryptoUtils.java
E:\CS\java-projects\soky-bot-workspace\sokybot\sokybot-pk2\src\main\java\org\sokybot\pk2\exception\Pk2InvalidJMXFileAttributeException.java
E:\CS\java-projects\soky-bot-workspace\sokybot\sokybot-pk2\src\main\java\org\sokybot\pk2\JMXDirectory.java
E:\CS\java-projects\soky-bot-workspace\sokybot\sokybot-pk2\src\main\java\org\sokybot\pk2\Pk2IO.java
E:\CS\java-projects\soky-bot-workspace\sokybot\sokybot-pk2\src\main\java\org\sokybot\pk2\io\EncryptedTextInputStream.java
E:\CS\java-projects\soky-bot-workspace\sokybot\sokybot-pk2\src\main\java\org\sokybot\pk2\exception\Pk2FileCorruptedException.java
E:\CS\java-projects\soky-bot-workspace\sokybot\sokybot-pk2\src\main\java\org\sokybot\pk2\JMXFile.java
E:\CS\java-projects\soky-bot-workspace\sokybot\sokybot-pk2\src\main\java\org\sokybot\pk2\exception\Pk2InvalidKeyException.java
E:\CS\java-projects\soky-bot-workspace\sokybot\sokybot-pk2\src\main\java\org\sokybot\pk2\exception\Pk2IOException.java
